当前设备:  cpu
Epoch [1/20], Train Loss: 0.4871, Train Accuracy: 0.8493, Val Loss: 0.1116, Val Accuracy: 0.9677
保存最佳模型权重。
Epoch [2/20], Train Loss: 0.1882, Train Accuracy: 0.9435, Val Loss: 0.0832, Val Accuracy: 0.9748
保存最佳模型权重。
Epoch [3/20], Train Loss: 0.1506, Train Accuracy: 0.9549, Val Loss: 0.0681, Val Accuracy: 0.9791
保存最佳模型权重。
Epoch [4/20], Train Loss: 0.1298, Train Accuracy: 0.9604, Val Loss: 0.0544, Val Accuracy: 0.9834
保存最佳模型权重。
Epoch [5/20], Train Loss: 0.1134, Train Accuracy: 0.9653, Val Loss: 0.0569, Val Accuracy: 0.9818
验证损失没有改善，等待次数: 1/3
Epoch [6/20], Train Loss: 0.1047, Train Accuracy: 0.9681, Val Loss: 0.0585, Val Accuracy: 0.9824
验证损失没有改善，等待次数: 2/3
Epoch [7/20], Train Loss: 0.0996, Train Accuracy: 0.9694, Val Loss: 0.0424, Val Accuracy: 0.9865
保存最佳模型权重。
Epoch [8/20], Train Loss: 0.0903, Train Accuracy: 0.9729, Val Loss: 0.0398, Val Accuracy: 0.9861
保存最佳模型权重。
Epoch [9/20], Train Loss: 0.0853, Train Accuracy: 0.9739, Val Loss: 0.0459, Val Accuracy: 0.9857
验证损失没有改善，等待次数: 1/3
Epoch [10/20], Train Loss: 0.0835, Train Accuracy: 0.9743, Val Loss: 0.0402, Val Accuracy: 0.9877
验证损失没有改善，等待次数: 2/3
Epoch [11/20], Train Loss: 0.0772, Train Accuracy: 0.9762, Val Loss: 0.0410, Val Accuracy: 0.9869
验证损失没有改善，等待次数: 3/3
早停触发，停止训练。
最佳模型权重已保存到 mnist\models\augmented_seed44.pth
