当前设备:  cpu
Epoch [1/20], Train Loss: 0.4845, Train Accuracy: 0.8468, Val Loss: 0.1419, Val Accuracy: 0.9537
保存最佳模型权重。
Epoch [2/20], Train Loss: 0.1959, Train Accuracy: 0.9405, Val Loss: 0.0923, Val Accuracy: 0.9703
保存最佳模型权重。
Epoch [3/20], Train Loss: 0.1531, Train Accuracy: 0.9528, Val Loss: 0.0798, Val Accuracy: 0.9745
保存最佳模型权重。
Epoch [4/20], Train Loss: 0.1366, Train Accuracy: 0.9587, Val Loss: 0.0668, Val Accuracy: 0.9784
保存最佳模型权重。
Epoch [5/20], Train Loss: 0.1186, Train Accuracy: 0.9627, Val Loss: 0.0623, Val Accuracy: 0.9811
保存最佳模型权重。
Epoch [6/20], Train Loss: 0.1075, Train Accuracy: 0.9670, Val Loss: 0.0467, Val Accuracy: 0.9845
保存最佳模型权重。
Epoch [7/20], Train Loss: 0.1000, Train Accuracy: 0.9702, Val Loss: 0.0537, Val Accuracy: 0.9830
验证损失没有改善，等待次数: 1/3
Epoch [8/20], Train Loss: 0.0936, Train Accuracy: 0.9716, Val Loss: 0.0433, Val Accuracy: 0.9853
保存最佳模型权重。
Epoch [9/20], Train Loss: 0.0861, Train Accuracy: 0.9743, Val Loss: 0.0427, Val Accuracy: 0.9854
保存最佳模型权重。
Epoch [10/20], Train Loss: 0.0833, Train Accuracy: 0.9741, Val Loss: 0.0424, Val Accuracy: 0.9851
保存最佳模型权重。
Epoch [11/20], Train Loss: 0.0779, Train Accuracy: 0.9753, Val Loss: 0.0472, Val Accuracy: 0.9843
验证损失没有改善，等待次数: 1/3
Epoch [12/20], Train Loss: 0.0766, Train Accuracy: 0.9761, Val Loss: 0.0405, Val Accuracy: 0.9860
保存最佳模型权重。
Epoch [13/20], Train Loss: 0.0728, Train Accuracy: 0.9772, Val Loss: 0.0349, Val Accuracy: 0.9879
保存最佳模型权重。
Epoch [14/20], Train Loss: 0.0697, Train Accuracy: 0.9788, Val Loss: 0.0368, Val Accuracy: 0.9865
验证损失没有改善，等待次数: 1/3
Epoch [15/20], Train Loss: 0.0678, Train Accuracy: 0.9786, Val Loss: 0.0394, Val Accuracy: 0.9857
验证损失没有改善，等待次数: 2/3
Epoch [16/20], Train Loss: 0.0639, Train Accuracy: 0.9799, Val Loss: 0.0332, Val Accuracy: 0.9876
保存最佳模型权重。
Epoch [17/20], Train Loss: 0.0626, Train Accuracy: 0.9804, Val Loss: 0.0364, Val Accuracy: 0.9873
验证损失没有改善，等待次数: 1/3
Epoch [18/20], Train Loss: 0.0622, Train Accuracy: 0.9808, Val Loss: 0.0330, Val Accuracy: 0.9893
保存最佳模型权重。
Epoch [19/20], Train Loss: 0.0611, Train Accuracy: 0.9816, Val Loss: 0.0412, Val Accuracy: 0.9871
验证损失没有改善，等待次数: 1/3
Epoch [20/20], Train Loss: 0.0586, Train Accuracy: 0.9815, Val Loss: 0.0316, Val Accuracy: 0.9895
保存最佳模型权重。
最佳模型权重已保存到 mnist\models\augmented_seed43.pth
